ok 01_analista-em-tecnologia-da-informacao-desenvolvimento-de-sistemas-banestes-fgv-2021
ok 02_analista-de-tecnologia-da-informacao-desenvolvimento-de-sistemas-tj-ro-fgv-2021
ok 03_analista-legislativo-informatica-legislativa-analise-de-sistemas-senado-federal-fgv-2022
ok 04_analista-judiciario-analise-de-sistemas-tj-dft-fgv-2022
ok 05_analista-area-de-apoio-especializado-tecnologia-da-informacao-desenvolvimento-de-sistemas-dpe-rs-fgv-2023
ok 06_analista-judiciario-apoio-especializado-tecnologia-da-informacao-desenvolvimento-de-sistemas-tj-ap-fgv-2023
ok 07_analista-judiciario-analise-de-sistemas-tj-se-fgv-2023
ok 08_analista-cvm-perfil-8-ti-sistemas-e-desenvolvimento-manha-cvm-fgv-2024
ok 09_analista-de-tecnologia-da-informacao-desenvolvimento-de-software-dataprev-fgv-2024
ok 10_tecnico-de-nivel-superior-analista-de-sistemas-computacionais-analista-de-sistemas-tj-ms-fgv-2024
ok 11_analista-judiciario-desenvolvimento-de-sistemas-tj-rr-fgv-2024
ok 12_auditor-de-controle-externo-informatica-analista-de-sistemas-tce-pa-fgv-2024
ok 13_analista-do-mpu-desenvolvimento-de-sistemas-mpu-fgv-2025
ok 14_analista-programador-classe-b-dpe-ro-fgv-2025
ok 15_analista-legislativo-desenvolvedor-de-sistemas-alego-fgv-2026
ok 16_agente-especializado-analista-de-sistemas-mp-es-fgv-2026
ok 17_analista-area-de-apoio-especializado-tecnologia-da-informacao-banco-de-dados-dpe-rs-fgv-2023
ok 18_analista-judiciario-apoio-especializado-tecnologia-da-informacao-banco-de-dados-tj-ap-fgv-2023
ok 19_analista-judiciario-analise-de-sistemas-banco-de-dados-tj-se-fgv-2023
ok 20_tecnico-de-nivel-superior-analista-de-sistemas-computacionais-analista-de-banco-de-dados-tj-ms-fgv-2024
ok 21_analista-de-gestao-corporativa-tecnologia-da-informacao-ciencia-de-dados-epe-fgv-2024
ok 22_analista-de-tecnologia-da-informacao-inteligencia-da-informacao-dataprev-fgv-2024
ok 23_analista-de-sistemas-administrador-de-banco-de-dados-infraestrutura-o-m-ses-mt-fgv-2024
ok 24_analista-em-tecnologia-da-informacao-suporte-e-infraestrutura-banestes-fgv-2021
ok 25_analista-judiciario-suporte-em-tecnologia-da-informacao-tj-dft-fgv-2022
ok 26_analista-legislativo-informatica-legislativa-analise-de-suporte-de-sistemas-senado-federal-fgv-2022
ok 27_analista-area-de-apoio-especializado-tecnologia-da-informacao-infraestrutura-e-redes-dpe-rs-fgv-2023
ok 28_analista-judiciario-analise-de-sistemas-redes-tj-se-fgv-2023
ok 29_analista-judiciario-analise-de-sistemas-suporte-tecnico-em-infraestrutura-tj-se-fgv-2023
ok 30_tecnico-de-nivel-superior-analista-de-sistemas-computacionais-analista-de-infraestrutura-de-redes-tj-ms-fgv-2024
ok 31_analista-judiciario-infraestrutura-de-tecnologia-da-informacao-tj-rr-fgv-2024
ok 32_auditor-de-controle-externo-informatica-analista-de-suporte-tce-pa-fgv-2024
ok 33_analista-judiciario-area-apoio-especializado-especialidade-suporte-em-tecnologia-da-informacao-trf-1-fgv-2024
ok 34_analista-legislativo-analista-de-redes-de-comunicacao-de-dados-ale-am-fgv-2025
ok 35_analista-de-redes-e-comunicacao-de-dados-classe-b-dpe-ro-fgv-2025
ok 36_analista-do-mpu-suporte-e-infraestrutura-mpu-fgv-2025
ok 37_analista-em-tecnologia-da-informacao-seguranca-da-informacao-banestes-fgv-2021
ok 38_analista-judiciario-seguranca-da-informacao-tj-dft-fgv-2022
ok 39_analista-area-de-apoio-especializado-tecnologia-da-informacao-seguranca-da-informacao-dpe-rs-fgv-2023
ok 40_analista-judiciario-apoio-especializado-tecnologia-da-informacao-seguranca-da-informacao-tj-ap-fgv-2023
ok 41_analista-judiciario-analise-de-sistemas-seguranca-da-informacao-tj-se-fgv-2023
ok 42_analista-de-tecnologia-da-informacao-seguranca-cibernetica-e-protecao-de-dados-dataprev-fgv-2024
ok 43_tecnico-de-nivel-superior-analista-de-sistemas-computacionais-analista-de-seguranca-de-ti-tj-ms-fgv-2024
ok 44_auditor-de-controle-externo-informatica-analista-de-seguranca-tce-pa-fgv-2024
ok 45_analista-judiciario-area-apoio-especializado-especialidade-seguranca-da-informacao-trf-1-fgv-2024
ok 46_analista-cvm-perfil-9-ti-infraestrutura-e-seguranca-manha-cvm-fgv-2024
ok 47_agente-especializado-analista-de-seguranca-da-informacao-mp-es-fgv-2026
ok 48_agente-da-fiscalizacao-ti-tce-sp-fgv-2023
ok 49_analista-legislativo-informatica-legislativa-manha-camara-dos-deputados-fgv-2023
ok 50_analista-de-controle-externo-tecnologia-da-informacao-tce-go-fgv-2024
ok 51_analista-judiciario-tecnologia-da-informacao-tj-mt-fgv-2024
ok 52_analista-de-controle-externo-tecnologia-da-informacao-tce-pe-fgv-2025
ok 53_analista-do-ministerio-publico-area-administrativa-tecnologia-da-informacao-mp-rj-fgv-2025
ok 54_analista-de-tecnologia-da-informacao-ebserh-fgv-2025
ok 55_analista-de-sistemas-tj-sc-fgv-2026
ok 56_analista-cvm-perfil-8-ti-sistemas-e-desenvolvimento-tarde-cvm-fgv-2024
ok 57_analista-cvm-perfil-9-ti-infraestrutura-e-seguranca-tarde-cvm-fgv-2024
ok 58_analista-legislativo-informatica-legislativa-tarde-camara-dos-deputados-fgv-2023
ok 59_analista-judiciario-apoio-especializado-tecnologia-da-informacao-telecomunicacoes-tj-ap-fgv-2023
ok 60_tecnico-de-nivel-superior-analista-de-sistemas-computacionais-analista-de-suporte-de-ti-tj-ms-fgv-2024
ok 61_analista-de-tecnologia-da-informacao-arquitetura-engenharia-e-sustentacao-tecnologica-dataprev-fgv-2024
ok 62_analista-de-gestao-corporativa-tecnologia-da-informacao-infraestrutura-e-seguranca-epe-fgv-2024
ok 63_analista-de-gestao-corporativa-tecnologia-da-informacao-solucoes-epe-fgv-2024
ok 64_analista-legislativo-analise-de-suporte-em-informatica-ale-to-fgv-2024
ok 65_analista-legislativo-analise-de-sistema-ale-to-fgv-2024
ok 66_analista-legislativo-desenvolvimento-de-sistema-ale-to-fgv-2024
ok 67_analista-legislativo-suporte-tecnico-em-informatica-ale-to-fgv-2024
ok 68_analista-legislativo-desenvolvedor-de-sistemas-alep-fgv-2024
ok 69_analista-administrativo-iii-analista-de-sistemas-alesc-fgv-2024
ok 70_analista-de-informatica-camara-de-fortaleza-ce-fgv-2024
ok 71_analista-administrativo-tecnologia-da-informacao-dnit-fgv-2024
ok 72_analista-judiciario-area-apoio-especializado-especialidade-analise-de-sistemas-de-informacao-trf-1-fgv-2024
ok 73_analista-judiciario-area-apoio-especializado-especialidade-tecnologia-da-informacao-trf-1-fgv-2024
ok 74_analista-previdenciario-especialidade-analista-de-sistemas-prefeitura-macae-rj-macaeprev-fgv-2024
ok 75_analista-em-gestao-municipal-tecnologia-da-informacao-prefeitura-sao-jose-dos-campos-sp-fgv-2024
ok 76_analista-legislativo-analista-de-sistema-ale-am-fgv-2025
ok 77_analista-legislativo-programador-ale-am-fgv-2025
ok 78_analista-de-sistemas-classe-b-dpe-ro-fgv-2025
ok 79_analista-do-mpu-perito-em-tecnologia-da-informacao-e-comunicacao-mpu-fgv-2025
ok 80_analista-judiciario-area-apoio-especializado-tecnologia-da-informacao-trt-da-24-regiao-fgv-2025
ok 81_analista-legislativo-analista-de-sistemas-alego-fgv-2026
ok 82_agente-tecnico-desenvolvedor-mp-es-fgv-2026
ok 83_analista-judiciario-tecnologia-da-informacao-trt-13-fgv-2022
ok 84_analista-judiciario-area-administrativa-tecnologia-da-informacao-trt-16-fgv-2022
ok 85_analista-tecnico-tecnologia-da-informacao-tce-to-fgv-2022
ok 86_analista-de-tecnologia-da-informacao-da-fazenda-estadual-sefaz-am-fgv-2022
ok 87_analista-em-tecnologia-da-informacao-mp-sc-fgv-2022
ok 88_perito-criminal-ciencia-da-computacao-analista-de-sistema-sead-ap-fgv-2022
ok 89_analista-da-tecnologia-da-informacao-funsaude-ce-fgv-2021
ok 90_analista-especializado-analista-de-sistemas-imbel-fgv-2021
ok 91_tecnico-de-gestao-administrativa-analista-de-sistemas-alema-fgv-2023
ok 92_tecnico-de-gestao-administrativa-analista-de-suporte-de-rede-alema-fgv-2023
ok 93_consultor-tecnico-legislativo-informatica-camara-de-sao-paulo-sp-fgv-2023
ok 94_analista-de-tecnologia-da-informacao-pgm-rj-fgv-2023
ok 95_analista-judiciario-tecnologia-de-informacao-analise-de-sistemas-tj-rn-fgv-2023
FIM
